2024-06-29T21:31:17.551Z [[32minfo[39m]:  : / : POST : {"email":"vk281977@gmail.com","password":"vivekkumar@"}
2024-06-29T21:33:25.178Z [[32minfo[39m]:  : /api/signin : POST : {"email":"vk281977@gmail.com","password":"vivekkumar@"}
2024-06-29T21:35:47.133Z [[32minfo[39m]:  : /api/signup : POST : {"name":"vivek kumar","email":"vk281977@gmail.com","password":"vivekkumar@"}
2024-06-29T21:35:53.881Z [[32minfo[39m]:  : /api/signup : POST : {"name":"vivek kumar","email":"vk281977@gmail.com","password":"vivekkumar@3"}
2024-06-29T21:48:15.065Z [[32minfo[39m]:  : /api/signup : POST : {"name":"vivek kumar","email":"vk281977@gmail.com","password":"vivekkumar@3"}
2024-06-29T21:49:37.230Z [[32minfo[39m]:  : /api/signin : POST : {"email":"vk281977@gmail.com","password":"vivekkumar@1"}
2024-06-29T21:49:47.140Z [[32minfo[39m]:  : /api/posts/all : POST : {"email":"vk281977@gmail.com","password":"vivekkumar@1"}
2024-06-29T21:50:03.627Z [[32minfo[39m]:  : /api/posts/all : GET : {"email":"vk281977@gmail.com","password":"vivekkumar@1"}
2024-06-29T21:50:12.137Z [[32minfo[39m]:  : /api/posts/all : GET : {"email":"vk281977@gmail.com","password":"vivekkumar@1"}
2024-06-29T21:50:15.454Z [[32minfo[39m]:  : /api/posts/ : GET : {"email":"vk281977@gmail.com","password":"vivekkumar@1"}
2024-06-29T21:50:31.755Z [[32minfo[39m]:  : /api/posts/ : GET : {"email":"vk281977@gmail.com","password":"vivekkumar@1"}
2024-06-30T20:14:59.764Z [[32minfo[39m]:  : /api-docs : GET : {}
2024-06-30T20:14:59.877Z [[32minfo[39m]:  : /api-docs : GET : {}
2024-06-30T20:15:00.617Z [[32minfo[39m]:  : /favicon.ico : GET : {}
2024-06-30T20:15:12.213Z [[32minfo[39m]:  : /api-docs : GET : {}
2024-06-30T20:15:12.269Z [[32minfo[39m]:  : /api-docs : GET : {}
2024-06-30T20:18:42.366Z [[32minfo[39m]:  : /api-docs : GET : {}
2024-06-30T20:18:42.451Z [[32minfo[39m]:  : /api-docs : GET : {}
2024-06-30T20:19:17.875Z [[32minfo[39m]:  : /api-docs : GET : {}
2024-06-30T20:19:17.889Z [[32minfo[39m]:  : /api-docs/ : GET : {}
2024-06-30T20:19:17.927Z [[32minfo[39m]:  : /api-docs/swagger-ui.css : GET : {}
2024-06-30T20:19:17.930Z [[32minfo[39m]:  : /api-docs/swagger-ui-bundle.js : GET : {}
2024-06-30T20:19:17.932Z [[32minfo[39m]:  : /api-docs/swagger-ui-standalone-preset.js : GET : {}
2024-06-30T20:19:17.938Z [[32minfo[39m]:  : /api-docs/swagger-ui-init.js : GET : {}
2024-06-30T20:19:18.435Z [[32minfo[39m]:  : /api-docs/ : GET : {}
2024-06-30T20:19:18.664Z [[32minfo[39m]:  : /api-docs/favicon-32x32.png : GET : {}
2024-06-30T20:19:59.475Z [[32minfo[39m]:  : /api-docs/ : GET : {}
2024-06-30T20:19:59.534Z [[32minfo[39m]:  : /api-docs/swagger-ui.css : GET : {}
2024-06-30T20:19:59.538Z [[32minfo[39m]:  : /api-docs/swagger-ui-bundle.js : GET : {}
2024-06-30T20:19:59.543Z [[32minfo[39m]:  : /api-docs/swagger-ui-standalone-preset.js : GET : {}
2024-06-30T20:19:59.545Z [[32minfo[39m]:  : /api-docs/swagger-ui-init.js : GET : {}
2024-06-30T20:19:59.895Z [[32minfo[39m]:  : /api-docs/ : GET : {}
2024-06-30T20:20:00.106Z [[32minfo[39m]:  : /api-docs/favicon-32x32.png : GET : {}
2024-06-30T20:32:32.234Z [[32minfo[39m]:  : /api-docs/ : GET : {}
2024-06-30T20:32:32.275Z [[32minfo[39m]:  : /api-docs/swagger-ui.css : GET : {}
2024-06-30T20:32:32.277Z [[32minfo[39m]:  : /api-docs/swagger-ui-bundle.js : GET : {}
2024-06-30T20:32:32.283Z [[32minfo[39m]:  : /api-docs/swagger-ui-standalone-preset.js : GET : {}
2024-06-30T20:32:32.285Z [[32minfo[39m]:  : /api-docs/swagger-ui-init.js : GET : {}
2024-06-30T20:32:32.872Z [[32minfo[39m]:  : /api-docs/ : GET : {}
2024-06-30T20:32:33.096Z [[32minfo[39m]:  : /api-docs/favicon-32x32.png : GET : {}
2024-06-30T20:50:08.777Z [[32minfo[39m]:  : /api/posts/signin : POST : {"email":"string","password":"string"}
2024-06-30T20:50:34.194Z [[32minfo[39m]:  : /api/comments/signin : POST : {"email":"string","password":"string"}
2024-06-30T20:50:40.375Z [[32minfo[39m]:  : /api/signin : POST : {"email":"string","password":"string"}
2024-06-30T20:51:14.115Z [[32minfo[39m]:  : /api/signin : POST : {"email":"vk281977@gmail.com","password":"vivekkumar@1"}
2024-06-30T20:51:19.277Z [[32minfo[39m]:  : /api/posts/signin : POST : {"email":"vk281977@gmail.com","password":"vivekkumar@1"}
2024-06-30T20:59:47.718Z [[32minfo[39m]:  : /api-docs/ : GET : {}
2024-06-30T20:59:47.762Z [[32minfo[39m]:  : /api-docs/swagger-ui.css : GET : {}
2024-06-30T20:59:47.767Z [[32minfo[39m]:  : /api-docs/swagger-ui-bundle.js : GET : {}
2024-06-30T20:59:47.771Z [[32minfo[39m]:  : /api-docs/swagger-ui-standalone-preset.js : GET : {}
2024-06-30T20:59:47.774Z [[32minfo[39m]:  : /api-docs/swagger-ui-init.js : GET : {}
2024-06-30T20:59:48.431Z [[32minfo[39m]:  : /api-docs/ : GET : {}
2024-06-30T20:59:48.739Z [[32minfo[39m]:  : /api-docs/favicon-32x32.png : GET : {}
2024-06-30T21:00:41.560Z [[32minfo[39m]:  : /api-docs/ : GET : {}
2024-06-30T21:00:41.605Z [[32minfo[39m]:  : /api-docs/swagger-ui.css : GET : {}
2024-06-30T21:00:41.607Z [[32minfo[39m]:  : /api-docs/swagger-ui-bundle.js : GET : {}
2024-06-30T21:00:41.613Z [[32minfo[39m]:  : /api-docs/swagger-ui-standalone-preset.js : GET : {}
2024-06-30T21:00:41.618Z [[32minfo[39m]:  : /api-docs/swagger-ui-init.js : GET : {}
2024-06-30T21:00:41.869Z [[32minfo[39m]:  : /api-docs/ : GET : {}
2024-06-30T21:00:42.041Z [[32minfo[39m]:  : /api-docs/favicon-32x32.png : GET : {}
2024-06-30T21:03:14.896Z [[32minfo[39m]:  : /api-docs/ : GET : {}
2024-06-30T21:03:14.939Z [[32minfo[39m]:  : /api-docs/swagger-ui.css : GET : {}
2024-06-30T21:03:14.941Z [[32minfo[39m]:  : /api-docs/swagger-ui-bundle.js : GET : {}
2024-06-30T21:03:14.946Z [[32minfo[39m]:  : /api-docs/swagger-ui-standalone-preset.js : GET : {}
2024-06-30T21:03:14.949Z [[32minfo[39m]:  : /api-docs/swagger-ui-init.js : GET : {}
2024-06-30T21:03:15.221Z [[32minfo[39m]:  : /api-docs/ : GET : {}
2024-06-30T21:03:15.407Z [[32minfo[39m]:  : /api-docs/favicon-32x32.png : GET : {}
2024-06-30T21:03:21.529Z [[32minfo[39m]:  : /api/posts/all : GET : {}
2024-06-30T21:04:52.387Z [[32minfo[39m]:  : /api/posts/ : GET : {}
2024-06-30T21:04:53.633Z [[32minfo[39m]:  : /api/posts/ : GET : {}
2024-06-30T21:05:46.931Z [[32minfo[39m]:  : /api/posts/ : GET : {}
2024-06-30T21:05:47.888Z [[32minfo[39m]:  : /api/posts/ : GET : {}
2024-06-30T21:05:49.037Z [[32minfo[39m]:  : /api-docs/ : GET : {}
2024-06-30T21:05:49.073Z [[32minfo[39m]:  : /api-docs/swagger-ui.css : GET : {}
2024-06-30T21:05:49.074Z [[32minfo[39m]:  : /api-docs/swagger-ui-bundle.js : GET : {}
2024-06-30T21:05:49.080Z [[32minfo[39m]:  : /api-docs/swagger-ui-standalone-preset.js : GET : {}
2024-06-30T21:05:49.082Z [[32minfo[39m]:  : /api-docs/swagger-ui-init.js : GET : {}
2024-06-30T21:05:49.560Z [[32minfo[39m]:  : /api-docs/ : GET : {}
2024-06-30T21:05:49.806Z [[32minfo[39m]:  : /api-docs/favicon-32x32.png : GET : {}
2024-06-30T21:05:54.119Z [[32minfo[39m]:  : /api/posts : GET : {}
2024-06-30T21:07:15.463Z [[32minfo[39m]:  : /api-docs/ : GET : {}
2024-06-30T21:07:15.508Z [[32minfo[39m]:  : /api-docs/swagger-ui.css : GET : {}
2024-06-30T21:07:15.514Z [[32minfo[39m]:  : /api-docs/swagger-ui-bundle.js : GET : {}
2024-06-30T21:07:15.518Z [[32minfo[39m]:  : /api-docs/swagger-ui-standalone-preset.js : GET : {}
2024-06-30T21:07:15.519Z [[32minfo[39m]:  : /api-docs/swagger-ui-init.js : GET : {}
2024-06-30T21:07:15.774Z [[32minfo[39m]:  : /api-docs/ : GET : {}
2024-06-30T21:07:15.933Z [[32minfo[39m]:  : /api-docs/favicon-32x32.png : GET : {}
2024-06-30T21:07:21.509Z [[32minfo[39m]:  : /api/posts/%7Bid%7D : GET : {}
2024-06-30T21:08:42.171Z [[32minfo[39m]:  : /api/signin : POST : {"email":"vk281977@gmail.com","password":"vivekkumar@1"}
2024-06-30T21:08:49.889Z [[32minfo[39m]:  : /api/posts/%7Bid%7D : GET : {}
2024-06-30T21:08:51.400Z [[32minfo[39m]:  : /api/posts/%7Bid%7D : GET : {}
2024-06-30T21:10:03.502Z [[32minfo[39m]:  : /api-docs/ : GET : {}
2024-06-30T21:10:03.547Z [[32minfo[39m]:  : /api-docs/swagger-ui.css : GET : {}
2024-06-30T21:10:03.551Z [[32minfo[39m]:  : /api-docs/swagger-ui-bundle.js : GET : {}
2024-06-30T21:10:03.553Z [[32minfo[39m]:  : /api-docs/swagger-ui-standalone-preset.js : GET : {}
2024-06-30T21:10:03.555Z [[32minfo[39m]:  : /api-docs/swagger-ui-init.js : GET : {}
2024-06-30T21:10:04.038Z [[32minfo[39m]:  : /api-docs/ : GET : {}
2024-06-30T21:10:04.274Z [[32minfo[39m]:  : /api-docs/favicon-32x32.png : GET : {}
2024-06-30T21:10:09.409Z [[32minfo[39m]:  : /api/posts/%7Bid%7D : GET : {}
2024-06-30T21:14:22.305Z [[32minfo[39m]:  : /api-docs/ : GET : {}
2024-06-30T21:14:22.362Z [[32minfo[39m]:  : /api-docs/swagger-ui.css : GET : {}
2024-06-30T21:14:22.367Z [[32minfo[39m]:  : /api-docs/swagger-ui-bundle.js : GET : {}
2024-06-30T21:14:22.379Z [[32minfo[39m]:  : /api-docs/swagger-ui-standalone-preset.js : GET : {}
2024-06-30T21:14:22.381Z [[32minfo[39m]:  : /api-docs/swagger-ui-init.js : GET : {}
2024-06-30T21:14:22.633Z [[32minfo[39m]:  : /api-docs/ : GET : {}
2024-06-30T21:14:22.802Z [[32minfo[39m]:  : /api-docs/favicon-32x32.png : GET : {}
2024-06-30T21:14:32.323Z [[32minfo[39m]:  : /api-docs/ : GET : {}
2024-06-30T21:14:32.357Z [[32minfo[39m]:  : /api-docs/swagger-ui.css : GET : {}
2024-06-30T21:14:32.358Z [[32minfo[39m]:  : /api-docs/swagger-ui-bundle.js : GET : {}
2024-06-30T21:14:32.360Z [[32minfo[39m]:  : /api-docs/swagger-ui-standalone-preset.js : GET : {}
2024-06-30T21:14:32.366Z [[32minfo[39m]:  : /api-docs/swagger-ui-init.js : GET : {}
2024-06-30T21:14:32.456Z [[32minfo[39m]:  : /api-docs/ : GET : {}
2024-06-30T21:14:32.782Z [[32minfo[39m]:  : /api-docs/favicon-32x32.png : GET : {}
2024-06-30T21:15:44.068Z [[32minfo[39m]:  : /api-docs/ : GET : {}
2024-06-30T21:15:44.116Z [[32minfo[39m]:  : /api-docs/swagger-ui.css : GET : {}
2024-06-30T21:15:44.124Z [[32minfo[39m]:  : /api-docs/swagger-ui-bundle.js : GET : {}
2024-06-30T21:15:44.129Z [[32minfo[39m]:  : /api-docs/swagger-ui-standalone-preset.js : GET : {}
2024-06-30T21:15:44.136Z [[32minfo[39m]:  : /api-docs/swagger-ui-init.js : GET : {}
2024-06-30T21:15:44.404Z [[32minfo[39m]:  : /api-docs/ : GET : {}
2024-06-30T21:15:44.602Z [[32minfo[39m]:  : /api-docs/favicon-32x32.png : GET : {}
2024-06-30T21:17:04.703Z [[32minfo[39m]:  : /api-docs/ : GET : {}
2024-06-30T21:17:04.748Z [[32minfo[39m]:  : /api-docs/swagger-ui.css : GET : {}
2024-06-30T21:17:04.749Z [[32minfo[39m]:  : /api-docs/swagger-ui-bundle.js : GET : {}
2024-06-30T21:17:04.754Z [[32minfo[39m]:  : /api-docs/swagger-ui-standalone-preset.js : GET : {}
2024-06-30T21:17:04.758Z [[32minfo[39m]:  : /api-docs/swagger-ui-init.js : GET : {}
2024-06-30T21:17:05.033Z [[32minfo[39m]:  : /api-docs/ : GET : {}
2024-06-30T21:17:05.222Z [[32minfo[39m]:  : /api-docs/favicon-32x32.png : GET : {}
2024-06-30T21:17:14.984Z [[32minfo[39m]:  : /api/posts/1 : GET : {}
2024-06-30T21:20:24.578Z [[32minfo[39m]:  : /api/posts : GET : {}
2024-06-30T21:20:46.039Z [[32minfo[39m]:  : /api-docs/ : GET : {}
2024-06-30T21:20:46.083Z [[32minfo[39m]:  : /api-docs/swagger-ui.css : GET : {}
2024-06-30T21:20:46.091Z [[32minfo[39m]:  : /api-docs/swagger-ui-bundle.js : GET : {}
2024-06-30T21:20:46.093Z [[32minfo[39m]:  : /api-docs/swagger-ui-standalone-preset.js : GET : {}
2024-06-30T21:20:46.094Z [[32minfo[39m]:  : /api-docs/swagger-ui-init.js : GET : {}
2024-06-30T21:20:46.335Z [[32minfo[39m]:  : /api-docs/ : GET : {}
2024-06-30T21:20:46.512Z [[32minfo[39m]:  : /api-docs/favicon-32x32.png : GET : {}
2024-06-30T21:20:50.229Z [[32minfo[39m]:  : /api/posts : GET : {}
2024-06-30T21:22:52.392Z [[32minfo[39m]:  : /api-docs/ : GET : {}
2024-06-30T21:22:52.443Z [[32minfo[39m]:  : /api-docs/swagger-ui.css : GET : {}
2024-06-30T21:22:52.448Z [[32minfo[39m]:  : /api-docs/swagger-ui-bundle.js : GET : {}
2024-06-30T21:22:52.454Z [[32minfo[39m]:  : /api-docs/swagger-ui-standalone-preset.js : GET : {}
2024-06-30T21:22:52.461Z [[32minfo[39m]:  : /api-docs/swagger-ui-init.js : GET : {}
2024-06-30T21:22:52.737Z [[32minfo[39m]:  : /api-docs/ : GET : {}
2024-06-30T21:22:52.892Z [[32minfo[39m]:  : /api-docs/favicon-32x32.png : GET : {}
2024-06-30T21:22:59.699Z [[32minfo[39m]:  : /api/posts/1 : DELETE : {}
2024-06-30T21:29:12.183Z [[32minfo[39m]:  : /api-docs/ : GET : {}
2024-06-30T21:29:12.239Z [[32minfo[39m]:  : /api-docs/swagger-ui.css : GET : {}
2024-06-30T21:29:12.241Z [[32minfo[39m]:  : /api-docs/swagger-ui-bundle.js : GET : {}
2024-06-30T21:29:12.249Z [[32minfo[39m]:  : /api-docs/swagger-ui-standalone-preset.js : GET : {}
2024-06-30T21:29:12.251Z [[32minfo[39m]:  : /api-docs/swagger-ui-init.js : GET : {}
2024-06-30T21:29:12.979Z [[32minfo[39m]:  : /api-docs/favicon-32x32.png : GET : {}
2024-06-30T21:29:13.125Z [[32minfo[39m]:  : /api-docs/ : GET : {}
2024-06-30T21:31:06.221Z [[32minfo[39m]:  : /api-docs/ : GET : {}
2024-06-30T21:31:06.265Z [[32minfo[39m]:  : /api-docs/swagger-ui.css : GET : {}
2024-06-30T21:31:06.267Z [[32minfo[39m]:  : /api-docs/swagger-ui-bundle.js : GET : {}
2024-06-30T21:31:06.273Z [[32minfo[39m]:  : /api-docs/swagger-ui-standalone-preset.js : GET : {}
2024-06-30T21:31:06.277Z [[32minfo[39m]:  : /api-docs/swagger-ui-init.js : GET : {}
2024-06-30T21:31:06.546Z [[32minfo[39m]:  : /api-docs/ : GET : {}
2024-06-30T21:31:06.742Z [[32minfo[39m]:  : /api-docs/favicon-32x32.png : GET : {}
2024-06-30T21:34:43.595Z [[32minfo[39m]:  : /api-docs/ : GET : {}
2024-06-30T21:34:43.640Z [[32minfo[39m]:  : /api-docs/swagger-ui.css : GET : {}
2024-06-30T21:34:43.644Z [[32minfo[39m]:  : /api-docs/swagger-ui-bundle.js : GET : {}
2024-06-30T21:34:43.648Z [[32minfo[39m]:  : /api-docs/swagger-ui-standalone-preset.js : GET : {}
2024-06-30T21:34:43.657Z [[32minfo[39m]:  : /api-docs/swagger-ui-init.js : GET : {}
2024-06-30T21:34:43.927Z [[32minfo[39m]:  : /api-docs/ : GET : {}
2024-06-30T21:34:44.098Z [[32minfo[39m]:  : /api-docs/favicon-32x32.png : GET : {}
2024-06-30T21:35:22.636Z [[32minfo[39m]:  : /api/posts : POST : {}
2024-06-30T21:35:50.546Z [[32minfo[39m]:  : /api/signin : POST : {"email":"vk281977@gmail.com","password":"vivekkumar@1"}
2024-06-30T21:35:55.097Z [[32minfo[39m]:  : /api/posts : POST : {}
2024-06-30T21:36:25.422Z [[32minfo[39m]:  : /api/posts/1 : GET : {}
2024-06-30T21:36:39.146Z [[32minfo[39m]:  : /api/posts : GET : {}
2024-06-30T21:36:54.388Z [[32minfo[39m]:  : /api/posts/all : GET : {}
2024-06-30T21:37:33.692Z [[32minfo[39m]:  : /api/posts/1 : PUT : {}
2024-06-30T21:37:48.878Z [[32minfo[39m]:  : /api/posts/1 : PUT : {}
2024-06-30T21:38:02.858Z [[32minfo[39m]:  : /api/posts/2 : DELETE : {}
2024-06-30T21:38:07.788Z [[32minfo[39m]:  : /api/posts/1 : DELETE : {}
2024-06-30T21:38:25.425Z [[32minfo[39m]:  : /api/posts/all : GET : {}
2024-06-30T21:38:26.109Z [[32minfo[39m]:  : /api/posts/all : GET : {}
2024-06-30T21:38:39.643Z [[32minfo[39m]:  : /api-docs/ : GET : {}
2024-06-30T21:38:39.676Z [[32minfo[39m]:  : /api-docs/swagger-ui.css : GET : {}
2024-06-30T21:38:39.679Z [[32minfo[39m]:  : /api-docs/swagger-ui-bundle.js : GET : {}
2024-06-30T21:38:39.681Z [[32minfo[39m]:  : /api-docs/swagger-ui-standalone-preset.js : GET : {}
2024-06-30T21:38:39.681Z [[32minfo[39m]:  : /api-docs/swagger-ui-init.js : GET : {}
2024-06-30T21:38:40.166Z [[32minfo[39m]:  : /api-docs/ : GET : {}
2024-06-30T21:39:09.509Z [[32minfo[39m]:  : /api-docs/ : GET : {}
2024-06-30T21:39:09.559Z [[32minfo[39m]:  : /api-docs/swagger-ui.css : GET : {}
2024-06-30T21:39:09.560Z [[32minfo[39m]:  : /api-docs/swagger-ui-bundle.js : GET : {}
2024-06-30T21:39:09.562Z [[32minfo[39m]:  : /api-docs/swagger-ui-standalone-preset.js : GET : {}
2024-06-30T21:39:09.563Z [[32minfo[39m]:  : /api-docs/swagger-ui-init.js : GET : {}
2024-06-30T21:39:10.016Z [[32minfo[39m]:  : /api-docs/ : GET : {}
2024-06-30T21:39:10.333Z [[32minfo[39m]:  : /api-docs/favicon-32x32.png : GET : {}
2024-06-30T21:41:13.365Z [[32minfo[39m]:  : /api-docs/ : GET : {}
2024-06-30T21:41:13.415Z [[32minfo[39m]:  : /api-docs/swagger-ui.css : GET : {}
2024-06-30T21:41:13.424Z [[32minfo[39m]:  : /api-docs/swagger-ui-bundle.js : GET : {}
2024-06-30T21:41:13.427Z [[32minfo[39m]:  : /api-docs/swagger-ui-standalone-preset.js : GET : {}
2024-06-30T21:41:13.431Z [[32minfo[39m]:  : /api-docs/swagger-ui-init.js : GET : {}
2024-06-30T21:41:13.711Z [[32minfo[39m]:  : /api-docs/ : GET : {}
2024-06-30T21:41:13.890Z [[32minfo[39m]:  : /api-docs/favicon-32x32.png : GET : {}
2024-06-30T21:41:33.049Z [[32minfo[39m]:  : /api-docs/ : GET : {}
2024-06-30T21:41:33.093Z [[32minfo[39m]:  : /api-docs/swagger-ui.css : GET : {}
2024-06-30T21:41:33.096Z [[32minfo[39m]:  : /api-docs/swagger-ui-bundle.js : GET : {}
2024-06-30T21:41:33.100Z [[32minfo[39m]:  : /api-docs/swagger-ui-standalone-preset.js : GET : {}
2024-06-30T21:41:33.103Z [[32minfo[39m]:  : /api-docs/swagger-ui-init.js : GET : {}
2024-06-30T21:41:33.204Z [[32minfo[39m]:  : /api-docs/ : GET : {}
2024-06-30T21:41:33.511Z [[32minfo[39m]:  : /api-docs/favicon-32x32.png : GET : {}
2024-06-30T21:42:56.367Z [[32minfo[39m]:  : /api-docs/ : GET : {}
2024-06-30T21:42:56.408Z [[32minfo[39m]:  : /api-docs/swagger-ui.css : GET : {}
2024-06-30T21:42:56.410Z [[32minfo[39m]:  : /api-docs/swagger-ui-bundle.js : GET : {}
2024-06-30T21:42:56.416Z [[32minfo[39m]:  : /api-docs/swagger-ui-standalone-preset.js : GET : {}
2024-06-30T21:42:56.420Z [[32minfo[39m]:  : /api-docs/swagger-ui-init.js : GET : {}
2024-06-30T21:42:56.668Z [[32minfo[39m]:  : /api-docs/ : GET : {}
2024-06-30T21:42:56.829Z [[32minfo[39m]:  : /api-docs/favicon-32x32.png : GET : {}
2024-06-30T21:46:41.115Z [[32minfo[39m]:  : /api-docs/ : GET : {}
2024-06-30T21:46:41.159Z [[32minfo[39m]:  : /api-docs/swagger-ui.css : GET : {}
2024-06-30T21:46:41.160Z [[32minfo[39m]:  : /api-docs/swagger-ui-bundle.js : GET : {}
2024-06-30T21:46:41.162Z [[32minfo[39m]:  : /api-docs/swagger-ui-standalone-preset.js : GET : {}
2024-06-30T21:46:41.171Z [[32minfo[39m]:  : /api-docs/swagger-ui-init.js : GET : {}
2024-06-30T21:46:41.443Z [[32minfo[39m]:  : /api-docs/ : GET : {}
2024-06-30T21:46:41.613Z [[32minfo[39m]:  : /api-docs/favicon-32x32.png : GET : {}
2024-06-30T21:47:12.746Z [[32minfo[39m]:  : /api-docs/ : GET : {}
2024-06-30T21:47:12.792Z [[32minfo[39m]:  : /api-docs/swagger-ui.css : GET : {}
2024-06-30T21:47:12.797Z [[32minfo[39m]:  : /api-docs/swagger-ui-bundle.js : GET : {}
2024-06-30T21:47:12.802Z [[32minfo[39m]:  : /api-docs/swagger-ui-standalone-preset.js : GET : {}
2024-06-30T21:47:12.807Z [[32minfo[39m]:  : /api-docs/swagger-ui-init.js : GET : {}
2024-06-30T21:47:13.087Z [[32minfo[39m]:  : /api-docs/ : GET : {}
2024-06-30T21:47:13.268Z [[32minfo[39m]:  : /api-docs/favicon-32x32.png : GET : {}
2024-06-30T21:50:42.379Z [[32minfo[39m]:  : /api-docs/ : GET : {}
2024-06-30T21:50:42.421Z [[32minfo[39m]:  : /api-docs/swagger-ui.css : GET : {}
2024-06-30T21:50:42.423Z [[32minfo[39m]:  : /api-docs/swagger-ui-bundle.js : GET : {}
2024-06-30T21:50:42.428Z [[32minfo[39m]:  : /api-docs/swagger-ui-standalone-preset.js : GET : {}
2024-06-30T21:50:42.440Z [[32minfo[39m]:  : /api-docs/swagger-ui-init.js : GET : {}
2024-06-30T21:50:42.903Z [[32minfo[39m]:  : /api-docs/ : GET : {}
2024-06-30T21:50:43.118Z [[32minfo[39m]:  : /api-docs/favicon-32x32.png : GET : {}
2024-06-30T21:52:25.910Z [[32minfo[39m]:  : /api-docs/ : GET : {}
2024-06-30T21:52:26.031Z [[32minfo[39m]:  : /api-docs/swagger-ui.css : GET : {}
2024-06-30T21:52:26.038Z [[32minfo[39m]:  : /api-docs/swagger-ui-bundle.js : GET : {}
2024-06-30T21:52:26.040Z [[32minfo[39m]:  : /api-docs/swagger-ui-standalone-preset.js : GET : {}
2024-06-30T21:52:26.087Z [[32minfo[39m]:  : /api-docs/swagger-ui-init.js : GET : {}
2024-06-30T21:52:26.728Z [[32minfo[39m]:  : /api-docs/ : GET : {}
2024-06-30T21:52:27.029Z [[32minfo[39m]:  : /api-docs/favicon-32x32.png : GET : {}
2024-06-30T21:54:10.289Z [[32minfo[39m]:  : /api-docs/ : GET : {}
2024-06-30T21:54:10.331Z [[32minfo[39m]:  : /api-docs/swagger-ui.css : GET : {}
2024-06-30T21:54:10.333Z [[32minfo[39m]:  : /api-docs/swagger-ui-bundle.js : GET : {}
2024-06-30T21:54:10.336Z [[32minfo[39m]:  : /api-docs/swagger-ui-standalone-preset.js : GET : {}
2024-06-30T21:54:10.340Z [[32minfo[39m]:  : /api-docs/swagger-ui-init.js : GET : {}
2024-06-30T21:54:10.833Z [[32minfo[39m]:  : /api-docs/ : GET : {}
2024-06-30T21:54:11.056Z [[32minfo[39m]:  : /api-docs/favicon-32x32.png : GET : {}
2024-06-30T21:55:30.684Z [[32minfo[39m]:  : /api-docs/ : GET : {}
2024-06-30T21:55:30.730Z [[32minfo[39m]:  : /api-docs/swagger-ui.css : GET : {}
2024-06-30T21:55:30.748Z [[32minfo[39m]:  : /api-docs/swagger-ui-bundle.js : GET : {}
2024-06-30T21:55:30.757Z [[32minfo[39m]:  : /api-docs/swagger-ui-standalone-preset.js : GET : {}
2024-06-30T21:55:30.758Z [[32minfo[39m]:  : /api-docs/swagger-ui-init.js : GET : {}
2024-06-30T21:55:31.055Z [[32minfo[39m]:  : /api-docs/ : GET : {}
2024-06-30T21:55:31.233Z [[32minfo[39m]:  : /api-docs/favicon-32x32.png : GET : {}
2024-06-30T21:56:00.027Z [[32minfo[39m]:  : /api-docs/ : GET : {}
2024-06-30T21:56:00.070Z [[32minfo[39m]:  : /api-docs/swagger-ui.css : GET : {}
2024-06-30T21:56:00.072Z [[32minfo[39m]:  : /api-docs/swagger-ui-bundle.js : GET : {}
2024-06-30T21:56:00.073Z [[32minfo[39m]:  : /api-docs/swagger-ui-standalone-preset.js : GET : {}
2024-06-30T21:56:00.079Z [[32minfo[39m]:  : /api-docs/swagger-ui-init.js : GET : {}
2024-06-30T21:56:00.243Z [[32minfo[39m]:  : /api-docs/ : GET : {}
2024-06-30T21:56:00.524Z [[32minfo[39m]:  : /api-docs/favicon-32x32.png : GET : {}
2024-06-30T21:59:09.757Z [[32minfo[39m]:  : /api-docs/ : GET : {}
2024-06-30T21:59:09.802Z [[32minfo[39m]:  : /api-docs/swagger-ui.css : GET : {}
2024-06-30T21:59:09.805Z [[32minfo[39m]:  : /api-docs/swagger-ui-bundle.js : GET : {}
2024-06-30T21:59:09.807Z [[32minfo[39m]:  : /api-docs/swagger-ui-standalone-preset.js : GET : {}
2024-06-30T21:59:09.812Z [[32minfo[39m]:  : /api-docs/swagger-ui-init.js : GET : {}
2024-06-30T21:59:10.279Z [[32minfo[39m]:  : /api-docs/ : GET : {}
2024-06-30T21:59:10.781Z [[32minfo[39m]:  : /api-docs/favicon-32x32.png : GET : {}
2024-06-30T21:59:28.201Z [[32minfo[39m]:  : /api-docs/ : GET : {}
2024-06-30T21:59:28.237Z [[32minfo[39m]:  : /api-docs/swagger-ui.css : GET : {}
2024-06-30T21:59:28.239Z [[32minfo[39m]:  : /api-docs/swagger-ui-bundle.js : GET : {}
2024-06-30T21:59:28.244Z [[32minfo[39m]:  : /api-docs/swagger-ui-standalone-preset.js : GET : {}
2024-06-30T21:59:28.246Z [[32minfo[39m]:  : /api-docs/swagger-ui-init.js : GET : {}
2024-06-30T21:59:28.335Z [[32minfo[39m]:  : /api-docs/ : GET : {}
2024-06-30T21:59:28.629Z [[32minfo[39m]:  : /api-docs/favicon-32x32.png : GET : {}
2024-06-30T22:00:03.884Z [[32minfo[39m]:  : /api-docs/ : GET : {}
2024-06-30T22:00:03.931Z [[32minfo[39m]:  : /api-docs/swagger-ui.css : GET : {}
2024-06-30T22:00:03.933Z [[32minfo[39m]:  : /api-docs/swagger-ui-bundle.js : GET : {}
2024-06-30T22:00:03.939Z [[32minfo[39m]:  : /api-docs/swagger-ui-standalone-preset.js : GET : {}
2024-06-30T22:00:03.940Z [[32minfo[39m]:  : /api-docs/swagger-ui-init.js : GET : {}
2024-06-30T22:00:03.996Z [[32minfo[39m]:  : /api-docs/ : GET : {}
2024-06-30T22:00:04.333Z [[32minfo[39m]:  : /api-docs/favicon-32x32.png : GET : {}
2024-06-30T22:00:39.665Z [[32minfo[39m]:  : /api/comments/1 : POST : {"content":"string"}
2024-06-30T22:01:20.506Z [[32minfo[39m]:  : /api-docs/ : GET : {}
2024-06-30T22:01:20.549Z [[32minfo[39m]:  : /api-docs/swagger-ui.css : GET : {}
2024-06-30T22:01:20.551Z [[32minfo[39m]:  : /api-docs/swagger-ui-bundle.js : GET : {}
2024-06-30T22:01:20.556Z [[32minfo[39m]:  : /api-docs/swagger-ui-init.js : GET : {}
2024-06-30T22:01:20.559Z [[32minfo[39m]:  : /api-docs/swagger-ui-standalone-preset.js : GET : {}
2024-06-30T22:01:21.090Z [[32minfo[39m]:  : /api-docs/ : GET : {}
2024-06-30T22:01:21.342Z [[32minfo[39m]:  : /api-docs/favicon-32x32.png : GET : {}
2024-06-30T22:06:53.125Z [[32minfo[39m]:  : /api-docs/ : GET : {}
2024-06-30T22:06:53.173Z [[32minfo[39m]:  : /api-docs/swagger-ui.css : GET : {}
2024-06-30T22:06:53.179Z [[32minfo[39m]:  : /api-docs/swagger-ui-bundle.js : GET : {}
2024-06-30T22:06:53.182Z [[32minfo[39m]:  : /api-docs/swagger-ui-standalone-preset.js : GET : {}
2024-06-30T22:06:53.183Z [[32minfo[39m]:  : /api-docs/swagger-ui-init.js : GET : {}
2024-06-30T22:06:53.713Z [[32minfo[39m]:  : /api-docs/ : GET : {}
2024-06-30T22:06:53.915Z [[32minfo[39m]:  : /api-docs/favicon-32x32.png : GET : {}
2024-06-30T22:07:02.567Z [[32minfo[39m]:  : /api/comments/1 : DELETE : {}
2024-06-30T22:07:30.255Z [[32minfo[39m]:  : /api/signin : POST : {"email":"vk281977@gmail.com","password":"vivekkumar@1"}
2024-06-30T22:07:40.447Z [[32minfo[39m]:  : /api/comments/1 : DELETE : {}
2024-06-30T22:07:57.844Z [[32minfo[39m]:  : /api/comments/1 : PUT : {"content":"string"}
2024-06-30T22:08:14.467Z [[32minfo[39m]:  : /api/posts : POST : {}
2024-06-30T22:08:36.869Z [[32minfo[39m]:  : /api/comments/1 : POST : {"content":"nice"}
2024-06-30T22:09:05.712Z [[32minfo[39m]:  : /api/comments/1 : PUT : {"content":"amazing"}
2024-06-30T22:09:12.510Z [[32minfo[39m]:  : /api/comments/0 : PUT : {"content":"amazing"}
2024-06-30T22:09:58.396Z [[32minfo[39m]:  : /api/comments/0 : PUT : {"content":"amazing"}
2024-06-30T22:10:00.581Z [[32minfo[39m]:  : /api-docs/ : GET : {}
2024-06-30T22:10:00.625Z [[32minfo[39m]:  : /api-docs/swagger-ui.css : GET : {}
2024-06-30T22:10:00.628Z [[32minfo[39m]:  : /api-docs/swagger-ui-bundle.js : GET : {}
2024-06-30T22:10:00.629Z [[32minfo[39m]:  : /api-docs/swagger-ui-standalone-preset.js : GET : {}
2024-06-30T22:10:00.633Z [[32minfo[39m]:  : /api-docs/swagger-ui-init.js : GET : {}
2024-06-30T22:10:01.134Z [[32minfo[39m]:  : /api-docs/ : GET : {}
2024-06-30T22:10:01.372Z [[32minfo[39m]:  : /api-docs/favicon-32x32.png : GET : {}
2024-06-30T22:10:11.340Z [[32minfo[39m]:  : /api/comments/1 : GET : {}
2024-06-30T22:10:36.947Z [[32minfo[39m]:  : /api/posts/1 : GET : {}
2024-06-30T22:10:49.151Z [[32minfo[39m]:  : /api-docs/ : GET : {}
2024-06-30T22:10:49.186Z [[32minfo[39m]:  : /api-docs/swagger-ui.css : GET : {}
2024-06-30T22:10:49.187Z [[32minfo[39m]:  : /api-docs/swagger-ui-bundle.js : GET : {}
2024-06-30T22:10:49.189Z [[32minfo[39m]:  : /api-docs/swagger-ui-standalone-preset.js : GET : {}
2024-06-30T22:10:49.192Z [[32minfo[39m]:  : /api-docs/swagger-ui-init.js : GET : {}
2024-06-30T22:10:49.557Z [[32minfo[39m]:  : /api-docs/ : GET : {}
2024-06-30T22:10:49.950Z [[32minfo[39m]:  : /api-docs/favicon-32x32.png : GET : {}
2024-06-30T22:10:54.007Z [[32minfo[39m]:  : /api/posts/all : GET : {}
2024-06-30T22:11:10.083Z [[32minfo[39m]:  : /api/posts : POST : {}
2024-06-30T22:11:18.315Z [[32minfo[39m]:  : /api/posts/all : GET : {}
2024-06-30T22:11:30.452Z [[32minfo[39m]:  : /api/posts : POST : {}
2024-06-30T22:11:37.968Z [[32minfo[39m]:  : /api/posts : POST : {}
2024-06-30T22:11:50.098Z [[32minfo[39m]:  : /api/posts/all : GET : {}
2024-06-30T22:12:00.615Z [[32minfo[39m]:  : /api/comments/1 : GET : {}
2024-07-01T08:33:21.689Z [[32minfo[39m]:  : /api/posts/all : GET : {}
2024-07-01T08:34:03.122Z [[32minfo[39m]:  : /api/signin : GET : {"email":"vk281977@gmail.com","password":"vivekkumar@1"}
2024-07-01T08:34:06.887Z [[32minfo[39m]:  : /api/signin : POST : {"email":"vk281977@gmail.com","password":"vivekkumar@1"}
2024-07-01T08:48:11.757Z [[32minfo[39m]:  : /api/signin : POST : {"email":"vk281977@gmail.com","password":"vivekkumar@1"}
2024-07-01T08:49:16.868Z [[32minfo[39m]:  : /api/posts/all : GET : {"email":"vk281977@gmail.com","password":"vivekkumar@1"}
2024-07-01T08:49:36.959Z [[32minfo[39m]:  : /api/posts/1 : GET : {"email":"vk281977@gmail.com","password":"vivekkumar@1"}
2024-07-01T08:49:51.986Z [[32minfo[39m]:  : /api/comments/1 : GET : {"email":"vk281977@gmail.com","password":"vivekkumar@1"}
2024-07-01T08:50:07.903Z [[32minfo[39m]:  : /api/comments/1 : GET : {}
2024-07-01T08:51:33.131Z [[32minfo[39m]:  : /api/comments/1 : GET : {}
2024-07-01T09:02:32.886Z [[32minfo[39m]:  : /api/comments/1 : GET : {}
2024-07-01T09:03:01.566Z [[32minfo[39m]:  : /api/comments/1 : GET : {}
2024-07-01T09:04:45.227Z [[32minfo[39m]:  : /api/comments/1 : GET : {}
2024-07-01T09:06:14.396Z [[32minfo[39m]:  : /api/signin : POST : {"email":"vk281977@gmail.com","password":"vivekkumar@1"}
2024-07-01T09:06:17.000Z [[32minfo[39m]:  : /api/comments/1 : GET : {}
2024-07-01T09:07:02.328Z [[32minfo[39m]:  : /api/comments/1 : GET : {}
2024-07-01T09:07:32.025Z [[32minfo[39m]:  : /api/posts/all : GET : {}
2024-07-01T09:08:17.812Z [[32minfo[39m]:  : /api/posts/all : GET : {}
2024-07-01T09:08:36.446Z [[32minfo[39m]:  : /api/comments/1 : GET : {}
2024-07-01T09:09:19.846Z [[32minfo[39m]:  : /api/comments/1 : GET : {}
2024-07-01T09:11:56.442Z [[32minfo[39m]:  : /api/comments/1 : GET : {}
2024-07-01T09:15:58.163Z [[32minfo[39m]:  : /api-docs/ : GET : {}
2024-07-01T09:15:58.221Z [[32minfo[39m]:  : /api-docs/swagger-ui.css : GET : {}
2024-07-01T09:15:58.223Z [[32minfo[39m]:  : /api-docs/swagger-ui-bundle.js : GET : {}
2024-07-01T09:15:58.241Z [[32minfo[39m]:  : /api-docs/swagger-ui-standalone-preset.js : GET : {}
2024-07-01T09:15:58.242Z [[32minfo[39m]:  : /api-docs/swagger-ui-init.js : GET : {}
2024-07-01T09:15:58.942Z [[32minfo[39m]:  : /api-docs/ : GET : {}
2024-07-01T09:15:59.035Z [[32minfo[39m]:  : /api-docs/favicon-32x32.png : GET : {}
2024-07-01T09:16:08.656Z [[32minfo[39m]:  : /api/posts/all : GET : {}
2024-07-01T09:16:38.611Z [[32minfo[39m]:  : /api/signin : POST : {"email":"vk281977@gmail.com","password":"vivekkumar@1"}
2024-07-01T09:16:47.517Z [[32minfo[39m]:  : /api/posts/all : GET : {}
2024-07-01T09:17:48.535Z [[32minfo[39m]:  : /api/posts : POST : {}
2024-07-01T09:18:30.284Z [[32minfo[39m]:  : /api/posts : POST : {}
2024-07-01T09:18:40.791Z [[32minfo[39m]:  : /api/posts/all : GET : {}
2024-07-01T09:19:12.111Z [[32minfo[39m]:  : /api/posts : GET : {}
2024-07-01T09:19:56.103Z [[32minfo[39m]:  : /api/comments/1 : POST : {"content":"nice"}
2024-07-01T09:20:10.900Z [[32minfo[39m]:  : /api/comments/1 : GET : {}
2024-07-01T09:21:06.413Z [[32minfo[39m]:  : /api/comments/1 : PUT : {"content":"excellent"}
2024-07-01T09:21:23.951Z [[32minfo[39m]:  : /api/comments/1 : PUT : {"content":"excellent"}
2024-07-01T09:21:38.142Z [[32minfo[39m]:  : /api/comments/1 : PUT : {"content":"excell"}
2024-07-01T09:21:48.453Z [[32minfo[39m]:  : /api/comments/1 : GET : {}
2024-07-01T09:22:09.534Z [[32minfo[39m]:  : /api/comments/1 : DELETE : {}
2024-07-01T09:22:17.535Z [[32minfo[39m]:  : /api/comments/1 : GET : {}
2024-07-01T09:32:04.596Z [[32minfo[39m]:  : /api/comments/1 : GET : {}
2024-07-01T09:32:11.371Z [[32minfo[39m]:  : /api/signin : POST : {"email":"vk281977@gmail.com","password":"vivekkumar@1"}
2024-07-01T09:32:21.693Z [[32minfo[39m]:  : /api/comments/1 : GET : {}
2024-07-01T09:32:41.680Z [[32minfo[39m]:  : /api/comments/1 : POST : {"content":"string"}
2024-07-01T09:32:48.306Z [[32minfo[39m]:  : /api/comments/1 : GET : {}
2024-07-01T09:32:59.439Z [[32minfo[39m]:  : /api/comments/1 : PUT : {"content":"excell"}
2024-07-01T09:33:09.225Z [[32minfo[39m]:  : /api/comments/1 : GET : {}
2024-07-01T09:33:09.887Z [[32minfo[39m]:  : /api/comments/1 : GET : {}
2024-07-01T09:33:46.764Z [[32minfo[39m]:  : /api/comments/1 : POST : {"content":"nice photo"}
2024-07-01T09:33:57.015Z [[32minfo[39m]:  : /api/comments/1 : GET : {}
2024-07-01T09:44:37.629Z [[32minfo[39m]:  : /api/comments/1 : GET : {}
2024-07-01T09:44:51.362Z [[32minfo[39m]:  : /api/comments/1 : DELETE : {}
2024-07-01T09:44:56.233Z [[32minfo[39m]:  : /api/comments/1 : GET : {}
2024-07-01T10:49:11.152Z [[32minfo[39m]:  : /api-docs/ : GET : {}
2024-07-01T10:49:11.195Z [[32minfo[39m]:  : /api-docs/swagger-ui.css : GET : {}
2024-07-01T10:49:11.197Z [[32minfo[39m]:  : /api-docs/swagger-ui-bundle.js : GET : {}
2024-07-01T10:49:11.200Z [[32minfo[39m]:  : /api-docs/swagger-ui-standalone-preset.js : GET : {}
2024-07-01T10:49:11.205Z [[32minfo[39m]:  : /api-docs/swagger-ui-init.js : GET : {}
2024-07-01T10:49:11.882Z [[32minfo[39m]:  : /api-docs/ : GET : {}
2024-07-01T10:49:12.095Z [[32minfo[39m]:  : /api-docs/favicon-32x32.png : GET : {}
2024-07-01T10:51:07.907Z [[32minfo[39m]:  : /api-docs/ : GET : {}
2024-07-01T10:51:07.946Z [[32minfo[39m]:  : /api-docs/swagger-ui.css : GET : {}
2024-07-01T10:51:07.955Z [[32minfo[39m]:  : /api-docs/swagger-ui-bundle.js : GET : {}
2024-07-01T10:51:07.964Z [[32minfo[39m]:  : /api-docs/swagger-ui-standalone-preset.js : GET : {}
2024-07-01T10:51:07.968Z [[32minfo[39m]:  : /api-docs/swagger-ui-init.js : GET : {}
2024-07-01T10:51:08.220Z [[32minfo[39m]:  : /api-docs/ : GET : {}
2024-07-01T10:51:08.381Z [[32minfo[39m]:  : /api-docs/favicon-32x32.png : GET : {}
2024-07-01T10:53:31.206Z [[32minfo[39m]:  : /api/likes/1 : GET : {}
2024-07-01T10:55:22.310Z [[32minfo[39m]:  : /api-docs/ : GET : {}
2024-07-01T10:55:22.440Z [[32minfo[39m]:  : /api-docs/swagger-ui.css : GET : {}
2024-07-01T10:55:22.443Z [[32minfo[39m]:  : /api-docs/swagger-ui-bundle.js : GET : {}
2024-07-01T10:55:22.446Z [[32minfo[39m]:  : /api-docs/swagger-ui-standalone-preset.js : GET : {}
2024-07-01T10:55:22.568Z [[32minfo[39m]:  : /api-docs/swagger-ui-init.js : GET : {}
2024-07-01T10:55:23.066Z [[32minfo[39m]:  : /api-docs/ : GET : {}
2024-07-01T10:55:23.403Z [[32minfo[39m]:  : /api-docs/favicon-32x32.png : GET : {}
2024-07-01T10:55:28.552Z [[32minfo[39m]:  : /api/likes/1 : GET : {}
2024-07-01T10:55:57.991Z [[32minfo[39m]:  : /api/signin : POST : {"email":"vk281977@gmail.com","password":"vivekkumar@1"}
2024-07-01T10:56:04.443Z [[32minfo[39m]:  : /api/likes/1 : GET : {}
2024-07-01T10:56:40.625Z [[32minfo[39m]:  : /api/likes/1 : GET : {}
2024-07-01T10:57:42.701Z [[32minfo[39m]:  : /api/likes/1 : GET : {}
2024-07-01T10:57:57.867Z [[32minfo[39m]:  : /api/likes/1 : GET : {}
2024-07-01T11:00:12.218Z [[32minfo[39m]:  : /apilikes/toggle/%7BpostId%7D : GET : {}
2024-07-01T11:00:13.544Z [[32minfo[39m]:  : /apilikes/toggle/%7BpostId%7D : GET : {}
2024-07-01T11:00:14.390Z [[32minfo[39m]:  : /apilikes/toggle/%7BpostId%7D : GET : {}
2024-07-01T11:00:16.496Z [[32minfo[39m]:  : /api-docs/ : GET : {}
2024-07-01T11:00:16.538Z [[32minfo[39m]:  : /api-docs/swagger-ui.css : GET : {}
2024-07-01T11:00:16.541Z [[32minfo[39m]:  : /api-docs/swagger-ui-bundle.js : GET : {}
2024-07-01T11:00:16.544Z [[32minfo[39m]:  : /api-docs/swagger-ui-standalone-preset.js : GET : {}
2024-07-01T11:00:16.546Z [[32minfo[39m]:  : /api-docs/swagger-ui-init.js : GET : {}
2024-07-01T11:00:17.047Z [[32minfo[39m]:  : /api-docs/ : GET : {}
2024-07-01T11:00:17.321Z [[32minfo[39m]:  : /api-docs/favicon-32x32.png : GET : {}
2024-07-01T11:00:22.538Z [[32minfo[39m]:  : /apilikes/toggle/%7BpostId%7D : GET : {}
2024-07-01T11:00:48.710Z [[32minfo[39m]:  : /api-docs/ : GET : {}
2024-07-01T11:00:48.753Z [[32minfo[39m]:  : /api-docs/swagger-ui.css : GET : {}
2024-07-01T11:00:48.765Z [[32minfo[39m]:  : /api-docs/swagger-ui-bundle.js : GET : {}
2024-07-01T11:00:48.766Z [[32minfo[39m]:  : /api-docs/swagger-ui-standalone-preset.js : GET : {}
2024-07-01T11:00:48.770Z [[32minfo[39m]:  : /api-docs/swagger-ui-init.js : GET : {}
2024-07-01T11:00:48.872Z [[32minfo[39m]:  : /api-docs/ : GET : {}
2024-07-01T11:00:49.224Z [[32minfo[39m]:  : /api-docs/favicon-32x32.png : GET : {}
2024-07-01T11:00:55.016Z [[32minfo[39m]:  : /api/likes/toggle/1 : GET : {}
2024-07-01T11:16:32.875Z [[32minfo[39m]:  : /api/likes/1 : GET : {}
2024-07-01T11:16:36.731Z [[32minfo[39m]:  : /api/signin : POST : {"email":"vk281977@gmail.com","password":"vivekkumar@1"}
2024-07-01T11:16:38.721Z [[32minfo[39m]:  : /api/likes/1 : GET : {}
2024-07-01T11:17:15.241Z [[32minfo[39m]:  : /api/likes/toggle/1 : GET : {}
2024-07-01T11:19:10.081Z [[32minfo[39m]:  : /api/likes/toggle/1 : GET : {}
2024-07-01T11:19:40.203Z [[32minfo[39m]:  : /api-docs/ : GET : {}
2024-07-01T11:19:40.242Z [[32minfo[39m]:  : /api-docs/swagger-ui.css : GET : {}
2024-07-01T11:19:40.246Z [[32minfo[39m]:  : /api-docs/swagger-ui-bundle.js : GET : {}
2024-07-01T11:19:40.247Z [[32minfo[39m]:  : /api-docs/swagger-ui-standalone-preset.js : GET : {}
2024-07-01T11:19:40.248Z [[32minfo[39m]:  : /api-docs/swagger-ui-init.js : GET : {}
2024-07-01T11:19:41.032Z [[32minfo[39m]:  : /api-docs/favicon-32x32.png : GET : {}
2024-07-01T11:19:41.103Z [[32minfo[39m]:  : /api-docs/ : GET : {}
2024-07-01T11:20:09.552Z [[32minfo[39m]:  : /api/signin : POST : {"email":"vk281977@gmail.com","password":"vivekkumar@1"}
2024-07-01T11:20:19.699Z [[32minfo[39m]:  : /api/likes/1 : GET : {}
2024-07-01T11:20:29.187Z [[32minfo[39m]:  : /api/likes/toggle/1 : GET : {}
2024-07-01T11:20:53.019Z [[32minfo[39m]:  : /api/likes/toggle/1 : GET : {}
2024-07-08T19:56:55.917Z [[32minfo[39m]:  : /api-docs : GET : {}
2024-07-08T19:56:55.936Z [[32minfo[39m]:  : /api-docs/ : GET : {}
2024-07-08T19:56:55.977Z [[32minfo[39m]:  : /api-docs/swagger-ui.css : GET : {}
2024-07-08T19:56:55.979Z [[32minfo[39m]:  : /api-docs/swagger-ui-bundle.js : GET : {}
2024-07-08T19:56:55.985Z [[32minfo[39m]:  : /api-docs/swagger-ui-init.js : GET : {}
2024-07-08T19:56:55.987Z [[32minfo[39m]:  : /api-docs/swagger-ui-standalone-preset.js : GET : {}
2024-07-08T19:56:56.913Z [[32minfo[39m]:  : /api-docs/ : GET : {}
2024-07-08T19:56:57.245Z [[32minfo[39m]:  : /api-docs/favicon-32x32.png : GET : {}
2024-07-09T00:17:41.729Z [[32minfo[39m]:  : /api-docs/ : GET : {}
2024-07-09T00:17:41.786Z [[32minfo[39m]:  : /api-docs/swagger-ui.css : GET : {}
2024-07-09T00:17:41.788Z [[32minfo[39m]:  : /api-docs/swagger-ui-bundle.js : GET : {}
2024-07-09T00:17:41.792Z [[32minfo[39m]:  : /api-docs/swagger-ui-init.js : GET : {}
2024-07-09T00:17:41.795Z [[32minfo[39m]:  : /api-docs/swagger-ui-standalone-preset.js : GET : {}
2024-07-09T00:17:42.763Z [[32minfo[39m]:  : /api-docs/favicon-32x32.png : GET : {}
2024-07-09T00:17:43.173Z [[32minfo[39m]:  : /api-docs/ : GET : {}
2024-07-09T00:20:15.387Z [[32minfo[39m]:  : /api-docs/ : GET : {}
2024-07-09T00:20:15.538Z [[32minfo[39m]:  : /api-docs/swagger-ui.css : GET : {}
2024-07-09T00:20:15.540Z [[32minfo[39m]:  : /api-docs/swagger-ui-bundle.js : GET : {}
2024-07-09T00:20:15.548Z [[32minfo[39m]:  : /api-docs/swagger-ui-init.js : GET : {}
2024-07-09T00:20:15.551Z [[32minfo[39m]:  : /api-docs/swagger-ui-standalone-preset.js : GET : {}
2024-07-09T00:20:15.836Z [[32minfo[39m]:  : /api-docs/ : GET : {}
2024-07-09T00:20:16.016Z [[32minfo[39m]:  : /api-docs/favicon-32x32.png : GET : {}
2024-07-09T00:21:48.707Z [[32minfo[39m]:  : /api/posts/all : GET : {}
2024-07-09T00:22:13.291Z [[32minfo[39m]:  : /api/signin : POST : {"email":"vk281977@gmail.com","password":"vivekkumar@1"}
2024-07-09T00:22:20.157Z [[32minfo[39m]:  : /api/posts/all : GET : {}
2024-07-09T00:23:09.554Z [[32minfo[39m]:  : /api/signin : POST : {"email":"vk281977@gmail.com","password":"vivekkumar@1"}
2024-07-09T00:23:42.092Z [[32minfo[39m]:  : /api/posts/filterbycaption : GET : {}
2024-07-09T00:25:04.014Z [[32minfo[39m]:  : /api/posts/filterbycaption : GET : {}
2024-07-09T00:25:47.703Z [[32minfo[39m]:  : /api/posts/filterbycaption : GET : {"caption":"nice"}
2024-07-09T00:27:23.214Z [[32minfo[39m]:  : /api/posts/filterbycaption : GET : {"caption":"nice"}
2024-07-09T00:27:30.667Z [[32minfo[39m]:  : /api/posts/filter/filterbycaption : GET : {"caption":"nice"}
2024-07-09T00:27:43.547Z [[32minfo[39m]:  : /api/posts/filter/filterbycaption : GET : {"caption":"nice"}
2024-07-09T00:27:55.462Z [[32minfo[39m]:  : /api/posts/filter/filterbycaption : GET : {"caption":"nice"}
2024-07-09T00:28:34.459Z [[32minfo[39m]:  : /api/posts/filter/filterbycaption : GET : {"caption":"nice"}
2024-07-09T00:29:02.121Z [[32minfo[39m]:  : /api-docs/ : GET : {}
2024-07-09T00:29:02.183Z [[32minfo[39m]:  : /api-docs/swagger-ui.css : GET : {}
2024-07-09T00:29:02.188Z [[32minfo[39m]:  : /api-docs/swagger-ui-bundle.js : GET : {}
2024-07-09T00:29:02.190Z [[32minfo[39m]:  : /api-docs/swagger-ui-standalone-preset.js : GET : {}
2024-07-09T00:29:02.191Z [[32minfo[39m]:  : /api-docs/swagger-ui-init.js : GET : {}
2024-07-09T00:29:02.861Z [[32minfo[39m]:  : /api-docs/ : GET : {}
2024-07-09T00:29:03.030Z [[32minfo[39m]:  : /api-docs/favicon-32x32.png : GET : {}
2024-07-09T00:29:23.769Z [[32minfo[39m]:  : /api/signin : POST : {"email":"vk281977@gmail.com","password":"vivekkumar@1"}
2024-07-09T00:29:55.843Z [[32minfo[39m]:  : /api/posts/all : GET : {}
2024-07-09T00:31:27.653Z [[32minfo[39m]:  : /api-docs/ : GET : {}
2024-07-09T00:31:27.702Z [[32minfo[39m]:  : /api-docs/swagger-ui.css : GET : {}
2024-07-09T00:31:27.707Z [[32minfo[39m]:  : /api-docs/swagger-ui-bundle.js : GET : {}
2024-07-09T00:31:27.713Z [[32minfo[39m]:  : /api-docs/swagger-ui-standalone-preset.js : GET : {}
2024-07-09T00:31:27.717Z [[32minfo[39m]:  : /api-docs/swagger-ui-init.js : GET : {}
2024-07-09T00:31:28.218Z [[32minfo[39m]:  : /api-docs/ : GET : {}
2024-07-09T00:31:28.512Z [[32minfo[39m]:  : /api-docs/favicon-32x32.png : GET : {}
2024-07-09T00:31:48.826Z [[32minfo[39m]:  : /api/posts/filter/filterbycaption : GET : {"caption":"nice"}
2024-07-09T00:32:13.096Z [[32minfo[39m]:  : /api-docs/ : GET : {}
2024-07-09T00:32:13.151Z [[32minfo[39m]:  : /api-docs/swagger-ui.css : GET : {}
2024-07-09T00:32:13.159Z [[32minfo[39m]:  : /api-docs/swagger-ui-bundle.js : GET : {}
2024-07-09T00:32:13.160Z [[32minfo[39m]:  : /api-docs/swagger-ui-standalone-preset.js : GET : {}
2024-07-09T00:32:13.165Z [[32minfo[39m]:  : /api-docs/swagger-ui-init.js : GET : {}
2024-07-09T00:32:13.440Z [[32minfo[39m]:  : /api-docs/ : GET : {}
2024-07-09T00:32:13.679Z [[32minfo[39m]:  : /api-docs/favicon-32x32.png : GET : {}
2024-07-09T00:32:46.103Z [[32minfo[39m]:  : /api-docs/ : GET : {}
2024-07-09T00:32:46.150Z [[32minfo[39m]:  : /api-docs/swagger-ui.css : GET : {}
2024-07-09T00:32:46.155Z [[32minfo[39m]:  : /api-docs/swagger-ui-bundle.js : GET : {}
2024-07-09T00:32:46.156Z [[32minfo[39m]:  : /api-docs/swagger-ui-standalone-preset.js : GET : {}
2024-07-09T00:32:46.161Z [[32minfo[39m]:  : /api-docs/swagger-ui-init.js : GET : {}
2024-07-09T00:32:46.454Z [[32minfo[39m]:  : /api-docs/ : GET : {}
2024-07-09T00:32:46.690Z [[32minfo[39m]:  : /api-docs/favicon-32x32.png : GET : {}
2024-07-09T00:38:53.801Z [[32minfo[39m]:  : /api-docs/ : GET : {}
2024-07-09T00:38:53.851Z [[32minfo[39m]:  : /api-docs/swagger-ui.css : GET : {}
2024-07-09T00:38:53.853Z [[32minfo[39m]:  : /api-docs/swagger-ui-bundle.js : GET : {}
2024-07-09T00:38:53.861Z [[32minfo[39m]:  : /api-docs/swagger-ui-standalone-preset.js : GET : {}
2024-07-09T00:38:53.862Z [[32minfo[39m]:  : /api-docs/swagger-ui-init.js : GET : {}
2024-07-09T00:38:54.354Z [[32minfo[39m]:  : /api-docs/ : GET : {}
2024-07-09T00:38:54.702Z [[32minfo[39m]:  : /api-docs/favicon-32x32.png : GET : {}
2024-07-09T00:39:02.970Z [[32minfo[39m]:  : /api/posts/filter/filterbycaption?caption=caption : GET : {}
2024-07-09T12:28:06.842Z [[32minfo[39m]:  : /api-docs/swagger-ui.css : GET : {}
2024-07-09T12:28:06.844Z [[32minfo[39m]:  : /api-docs/swagger-ui-bundle.js : GET : {}
2024-07-09T12:28:06.847Z [[32minfo[39m]:  : /api-docs/swagger-ui-standalone-preset.js : GET : {}
2024-07-09T12:28:06.884Z [[32minfo[39m]:  : /api-docs/swagger-ui-init.js : GET : {}
2024-07-09T12:28:07.904Z [[32minfo[39m]:  : /api-docs/ : GET : {}
2024-07-11T04:54:46.149Z [[32minfo[39m]:  : /api-docs/ : GET : {}
2024-07-11T04:54:46.200Z [[32minfo[39m]:  : /api-docs/swagger-ui-init.js : GET : {}
2024-07-11T04:54:46.207Z [[32minfo[39m]:  : /api-docs/swagger-ui.css : GET : {}
2024-07-11T04:54:46.209Z [[32minfo[39m]:  : /api-docs/swagger-ui-bundle.js : GET : {}
2024-07-11T04:54:46.212Z [[32minfo[39m]:  : /api-docs/swagger-ui-standalone-preset.js : GET : {}
2024-07-11T04:54:47.420Z [[32minfo[39m]:  : /api-docs/favicon-32x32.png : GET : {}
2024-07-11T04:54:47.573Z [[32minfo[39m]:  : /api-docs/ : GET : {}
2024-07-11T04:55:07.099Z [[32minfo[39m]:  : /api/posts : POST : {}
2024-07-11T04:55:35.070Z [[32minfo[39m]:  : /api/signin : POST : {"email":"vk281977@gmail.com","password":"vivekkumar@1"}
2024-07-11T04:55:38.865Z [[32minfo[39m]:  : /api/posts : POST : {}
2024-07-11T04:55:47.392Z [[32minfo[39m]:  : /api/posts/filter/filterbycaption?caption=string : GET : {}
2024-07-11T04:56:42.735Z [[32minfo[39m]:  : /api/posts/filter/filterbycaption?caption=string : GET : {}
2024-07-11T04:56:57.088Z [[32minfo[39m]:  : /api-docs/ : GET : {}
2024-07-11T04:56:57.140Z [[32minfo[39m]:  : /api-docs/swagger-ui.css : GET : {}
2024-07-11T04:56:57.143Z [[32minfo[39m]:  : /api-docs/swagger-ui-bundle.js : GET : {}
2024-07-11T04:56:57.145Z [[32minfo[39m]:  : /api-docs/swagger-ui-standalone-preset.js : GET : {}
2024-07-11T04:56:57.150Z [[32minfo[39m]:  : /api-docs/swagger-ui-init.js : GET : {}
2024-07-11T04:56:57.676Z [[32minfo[39m]:  : /api-docs/ : GET : {}
2024-07-11T04:56:57.969Z [[32minfo[39m]:  : /api-docs/favicon-32x32.png : GET : {}
2024-07-11T04:57:21.770Z [[32minfo[39m]:  : /api/signin : POST : {"email":"vk281977@gmail.com","password":"vivekkumar@1"}
2024-07-11T04:57:36.000Z [[32minfo[39m]:  : /api/posts : POST : {}
2024-07-11T04:57:47.515Z [[32minfo[39m]:  : /api/posts/filter/filterbycaption?caption=string : GET : {}
2024-07-11T04:58:46.905Z [[32minfo[39m]:  : /api/posts/filter/filterbycaption?caption=string : GET : {}
2024-07-11T05:00:08.687Z [[32minfo[39m]:  : /api/signin : POST : {"email":"vk281977@gmail.com","password":"vivekkumar@1"}
2024-07-11T05:00:22.445Z [[32minfo[39m]:  : /api/posts/filter/filterbycaption?caption=string : GET : {"caption":"nice"}
2024-07-11T05:00:37.838Z [[32minfo[39m]:  : /api/posts/all : GET : {}
2024-07-11T05:01:39.849Z [[32minfo[39m]:  : /api/posts/all : GET : {}
2024-07-11T05:03:51.367Z [[32minfo[39m]:  : /api-docs/ : GET : {}
2024-07-11T05:03:51.415Z [[32minfo[39m]:  : /api-docs/swagger-ui.css : GET : {}
2024-07-11T05:03:51.419Z [[32minfo[39m]:  : /api-docs/swagger-ui-bundle.js : GET : {}
2024-07-11T05:03:51.423Z [[32minfo[39m]:  : /api-docs/swagger-ui-standalone-preset.js : GET : {}
2024-07-11T05:03:51.431Z [[32minfo[39m]:  : /api-docs/swagger-ui-init.js : GET : {}
2024-07-11T05:03:52.151Z [[32minfo[39m]:  : /api-docs/ : GET : {}
2024-07-11T05:03:52.324Z [[32minfo[39m]:  : /api-docs/favicon-32x32.png : GET : {}
2024-07-11T05:04:12.048Z [[32minfo[39m]:  : /api/signin : POST : {"email":"vk281977@gmail.com","password":"vivekkumar@1"}
2024-07-11T05:04:23.344Z [[32minfo[39m]:  : /api/posts : POST : {}
2024-07-11T05:04:31.312Z [[32minfo[39m]:  : /api/posts/all : GET : {}
2024-07-11T05:06:06.032Z [[32minfo[39m]:  : /api/posts/all : GET : {}
2024-07-11T05:06:10.347Z [[32minfo[39m]:  : /api-docs/ : GET : {}
2024-07-11T05:06:10.401Z [[32minfo[39m]:  : /api-docs/swagger-ui.css : GET : {}
2024-07-11T05:06:10.413Z [[32minfo[39m]:  : /api-docs/swagger-ui-bundle.js : GET : {}
2024-07-11T05:06:10.417Z [[32minfo[39m]:  : /api-docs/swagger-ui-standalone-preset.js : GET : {}
2024-07-11T05:06:10.422Z [[32minfo[39m]:  : /api-docs/swagger-ui-init.js : GET : {}
2024-07-11T05:06:11.202Z [[32minfo[39m]:  : /api-docs/ : GET : {}
2024-07-11T05:06:11.501Z [[32minfo[39m]:  : /api-docs/favicon-32x32.png : GET : {}
2024-07-11T05:06:23.758Z [[32minfo[39m]:  : /api/posts/filter/filterbycaption?caption=string : GET : {}
2024-07-11T05:06:42.211Z [[32minfo[39m]:  : /api/posts : POST : {}
2024-07-11T05:06:45.924Z [[32minfo[39m]:  : /api/posts/filter/filterbycaption?caption=string : GET : {}
2024-07-11T05:07:58.635Z [[32minfo[39m]:  : /api-docs/ : GET : {}
2024-07-11T05:07:58.728Z [[32minfo[39m]:  : /api-docs/swagger-ui.css : GET : {}
2024-07-11T05:07:58.731Z [[32minfo[39m]:  : /api-docs/swagger-ui-bundle.js : GET : {}
2024-07-11T05:07:58.733Z [[32minfo[39m]:  : /api-docs/swagger-ui-init.js : GET : {}
2024-07-11T05:07:58.735Z [[32minfo[39m]:  : /api-docs/swagger-ui-standalone-preset.js : GET : {}
2024-07-11T05:07:59.385Z [[32minfo[39m]:  : /api-docs/ : GET : {}
2024-07-11T05:07:59.778Z [[32minfo[39m]:  : /api-docs/favicon-32x32.png : GET : {}
2024-07-11T05:08:08.409Z [[32minfo[39m]:  : /api/posts/filter/filterbycaption?caption=string : GET : {}
2024-07-11T05:08:31.759Z [[32minfo[39m]:  : /api/signin : POST : {"email":"vk281977@gmail.com","password":"vivekkumar@1"}
2024-07-11T05:08:39.055Z [[32minfo[39m]:  : /api/posts/filter/filterbycaption?caption=string : GET : {}
2024-07-11T05:08:59.139Z [[32minfo[39m]:  : /api/posts : POST : {}
2024-07-11T05:09:06.887Z [[32minfo[39m]:  : /api/posts/all : GET : {}
2024-07-11T05:09:36.880Z [[32minfo[39m]:  : /api-docs/ : GET : {}
2024-07-11T05:09:36.937Z [[32minfo[39m]:  : /api-docs/swagger-ui.css : GET : {}
2024-07-11T05:09:36.939Z [[32minfo[39m]:  : /api-docs/swagger-ui-bundle.js : GET : {}
2024-07-11T05:09:36.943Z [[32minfo[39m]:  : /api-docs/swagger-ui-init.js : GET : {}
2024-07-11T05:09:36.944Z [[32minfo[39m]:  : /api-docs/swagger-ui-standalone-preset.js : GET : {}
2024-07-11T05:09:37.606Z [[32minfo[39m]:  : /api-docs/ : GET : {}
2024-07-11T05:09:38.193Z [[32minfo[39m]:  : /api-docs/favicon-32x32.png : GET : {}
2024-07-11T05:09:41.963Z [[32minfo[39m]:  : /api/posts/all : GET : {}
2024-07-11T05:09:56.358Z [[32minfo[39m]:  : /api/posts : POST : {}
2024-07-11T05:10:02.410Z [[32minfo[39m]:  : /api/posts/all : GET : {}
2024-07-11T05:12:16.263Z [[32minfo[39m]:  : /api/posts/filter/filterbycaption?caption=string : GET : {}
2024-07-11T05:18:42.126Z [[32minfo[39m]:  : /api-docs/ : GET : {}
2024-07-11T05:18:42.193Z [[32minfo[39m]:  : /api-docs/swagger-ui.css : GET : {}
2024-07-11T05:18:42.199Z [[32minfo[39m]:  : /api-docs/swagger-ui-bundle.js : GET : {}
2024-07-11T05:18:42.216Z [[32minfo[39m]:  : /api-docs/swagger-ui-standalone-preset.js : GET : {}
2024-07-11T05:18:42.218Z [[32minfo[39m]:  : /api-docs/swagger-ui-init.js : GET : {}
2024-07-11T05:18:43.005Z [[32minfo[39m]:  : /api-docs/ : GET : {}
2024-07-11T05:18:43.366Z [[32minfo[39m]:  : /api-docs/favicon-32x32.png : GET : {}
2024-07-11T05:18:53.927Z [[32minfo[39m]:  : /api/posts : POST : {}
2024-07-11T05:19:00.159Z [[32minfo[39m]:  : /api/posts/all : GET : {}
2024-07-11T05:19:32.463Z [[32minfo[39m]:  : /api/posts/all : GET : {}
2024-07-11T05:19:38.177Z [[32minfo[39m]:  : /api/posts : POST : {}
2024-07-11T05:19:42.288Z [[32minfo[39m]:  : /api/posts/all : GET : {}
2024-07-11T05:19:51.903Z [[32minfo[39m]:  : /api/posts/filter/filterbycaption?caption=string : GET : {}
2024-07-11T05:20:26.712Z [[32minfo[39m]:  : /api-docs/ : GET : {}
2024-07-11T05:20:26.779Z [[32minfo[39m]:  : /api-docs/swagger-ui.css : GET : {}
2024-07-11T05:20:26.798Z [[32minfo[39m]:  : /api-docs/swagger-ui-bundle.js : GET : {}
2024-07-11T05:20:26.856Z [[32minfo[39m]:  : /api-docs/swagger-ui-standalone-preset.js : GET : {}
2024-07-11T05:20:26.859Z [[32minfo[39m]:  : /api-docs/swagger-ui-init.js : GET : {}
2024-07-11T05:20:27.562Z [[32minfo[39m]:  : /api-docs/ : GET : {}
2024-07-11T05:20:27.903Z [[32minfo[39m]:  : /api-docs/favicon-32x32.png : GET : {}
2024-07-11T08:28:30.694Z [[32minfo[39m]:  : /api-docs/swagger-ui.css : GET : {}
2024-07-11T08:28:30.695Z [[32minfo[39m]:  : /api-docs/swagger-ui-bundle.js : GET : {}
2024-07-11T08:28:30.707Z [[32minfo[39m]:  : /api-docs/swagger-ui-standalone-preset.js : GET : {}
2024-07-11T08:28:30.908Z [[32minfo[39m]:  : /api-docs/swagger-ui-init.js : GET : {}
2024-07-11T08:28:31.800Z [[32minfo[39m]:  : /api-docs/ : GET : {}
